// Jest Snapshot v1, https://goo.gl/fbAQLP

exports[`class ToggleButton extends _react2.default.Component {
  constructor(props) {
    super(props);
    this.state = { checked: props.initialChecked };
  }
  onStateChanged() {
    const newState = !this.state.checked;
    this.setState({ checked: newState }); // we update our state
    this.props.callbackParent(newState); // we notify our parent
  }
  render() {
    return _react2.default.createElement("label", { __source: { fileName: _jsxFileName, lineNumber: 14 }, __self: this },
      this.props.text, ": ", _react2.default.createElement("input", { type: "checkbox",
        checked: this.state.checked,
        onChange: () => this.onStateChanged(), __source: { fileName: _jsxFileName, lineNumber: 15 }, __self: this }));

  }} renders and matches our snapshot 1`] = `
<label>
  : 
  <input
    checked={undefined}
    onChange={[Function]}
    type="checkbox"
  />
</label>
`;
